  Determinando los proyectos que se van a restaurar...
  Todos los proyectos est├ín actualizados para la restauraci├│n.
D:\code\radimenu\Services\ConfigurationService.cs(36,12): warning CS8618: El elemento propiedad "CurrentSettings" que no acepta valores NULL debe contener un valor distinto de NULL al salir del constructor. Considere la posibilidad de agregar el modificador "required'"o declarar el propiedad como un valor que acepta valores NULL. [D:\code\radimenu\RadiMenu_et05s5uz_wpftmp.csproj]
D:\code\radimenu\Services\ConfigurationService.cs(54,35): warning CS8601: Posible asignaci├│n de referencia nula. [D:\code\radimenu\RadiMenu_et05s5uz_wpftmp.csproj]
D:\code\radimenu\Views\SettingsWindow.xaml.cs(193,36): warning CS8625: No se puede convertir un literal NULL en un tipo de referencia que no acepta valores NULL. [D:\code\radimenu\RadiMenu_et05s5uz_wpftmp.csproj]
D:\code\radimenu\Views\SettingsWindow.xaml.cs(193,42): warning CS8625: No se puede convertir un literal NULL en un tipo de referencia que no acepta valores NULL. [D:\code\radimenu\RadiMenu_et05s5uz_wpftmp.csproj]
D:\code\radimenu\Controls\RadialMenu.xaml.cs(527,31): warning CS8600: Se va a convertir un literal nulo o un posible valor nulo en un tipo que no acepta valores NULL [D:\code\radimenu\RadiMenu_et05s5uz_wpftmp.csproj]
D:\code\radimenu\Controls\RadialMenu.xaml.cs(530,35): warning CS8600: Se va a convertir un literal nulo o un posible valor nulo en un tipo que no acepta valores NULL [D:\code\radimenu\RadiMenu_et05s5uz_wpftmp.csproj]
D:\code\radimenu\Controls\RadialMenu.xaml.cs(1687,24): warning CS8602: Desreferencia de una referencia posiblemente NULL. [D:\code\radimenu\RadiMenu_et05s5uz_wpftmp.csproj]
D:\code\radimenu\Controls\RadialMenu.xaml.cs(1798,92): error CS0104: 'Brushes' es una referencia ambigua entre 'System.Drawing.Brushes' y 'System.Windows.Media.Brushes' [D:\code\radimenu\RadiMenu_et05s5uz_wpftmp.csproj]
D:\code\radimenu\Controls\RadialMenu.xaml.cs(1799,26): error CS0104: 'Brushes' es una referencia ambigua entre 'System.Drawing.Brushes' y 'System.Windows.Media.Brushes' [D:\code\radimenu\RadiMenu_et05s5uz_wpftmp.csproj]
D:\code\radimenu\Controls\RadialMenu.xaml.cs(1820,14): error CS0103: El nombre 'DrawSubmenuRing' no existe en el contexto actual [D:\code\radimenu\RadiMenu_et05s5uz_wpftmp.csproj]
D:\code\radimenu\Controls\RadialMenu.xaml.cs(1844,22): error CS0103: El nombre 'DrawSubmenuRing' no existe en el contexto actual [D:\code\radimenu\RadiMenu_et05s5uz_wpftmp.csproj]
D:\code\radimenu\Controls\RadialMenu.xaml.cs(1855,9): warning CS8602: Desreferencia de una referencia posiblemente NULL. [D:\code\radimenu\RadiMenu_et05s5uz_wpftmp.csproj]
D:\code\radimenu\Controls\RadialMenu.xaml.cs(1878,72): error CS0103: El nombre 'DrawSubmenuRing' no existe en el contexto actual [D:\code\radimenu\RadiMenu_et05s5uz_wpftmp.csproj]
D:\code\radimenu\Controls\RadialMenu.xaml.cs(1917,30): error CS0104: 'FontFamily' es una referencia ambigua entre 'System.Drawing.FontFamily' y 'System.Windows.Media.FontFamily' [D:\code\radimenu\RadiMenu_et05s5uz_wpftmp.csproj]
D:\code\radimenu\Controls\RadialMenu.xaml.cs(1920,35): error CS0176: No se puede obtener acceso al miembro 'HorizontalAlignment.Center' con una referencia de instancia; calif├¡quelo con un nombre de tipo en su lugar [D:\code\radimenu\RadiMenu_et05s5uz_wpftmp.csproj]
D:\code\radimenu\Services\ProcessMonitorService.cs(27,18): warning CS0169: El campo 'ProcessMonitorService._isDisposed' nunca se usa [D:\code\radimenu\RadiMenu_et05s5uz_wpftmp.csproj]

ERROR al compilar.

D:\code\radimenu\Services\ConfigurationService.cs(36,12): warning CS8618: El elemento propiedad "CurrentSettings" que no acepta valores NULL debe contener un valor distinto de NULL al salir del constructor. Considere la posibilidad de agregar el modificador "required'"o declarar el propiedad como un valor que acepta valores NULL. [D:\code\radimenu\RadiMenu_et05s5uz_wpftmp.csproj]
D:\code\radimenu\Services\ConfigurationService.cs(54,35): warning CS8601: Posible asignaci├│n de referencia nula. [D:\code\radimenu\RadiMenu_et05s5uz_wpftmp.csproj]
D:\code\radimenu\Views\SettingsWindow.xaml.cs(193,36): warning CS8625: No se puede convertir un literal NULL en un tipo de referencia que no acepta valores NULL. [D:\code\radimenu\RadiMenu_et05s5uz_wpftmp.csproj]
D:\code\radimenu\Views\SettingsWindow.xaml.cs(193,42): warning CS8625: No se puede convertir un literal NULL en un tipo de referencia que no acepta valores NULL. [D:\code\radimenu\RadiMenu_et05s5uz_wpftmp.csproj]
D:\code\radimenu\Controls\RadialMenu.xaml.cs(527,31): warning CS8600: Se va a convertir un literal nulo o un posible valor nulo en un tipo que no acepta valores NULL [D:\code\radimenu\RadiMenu_et05s5uz_wpftmp.csproj]
D:\code\radimenu\Controls\RadialMenu.xaml.cs(530,35): warning CS8600: Se va a convertir un literal nulo o un posible valor nulo en un tipo que no acepta valores NULL [D:\code\radimenu\RadiMenu_et05s5uz_wpftmp.csproj]
D:\code\radimenu\Controls\RadialMenu.xaml.cs(1687,24): warning CS8602: Desreferencia de una referencia posiblemente NULL. [D:\code\radimenu\RadiMenu_et05s5uz_wpftmp.csproj]
D:\code\radimenu\Controls\RadialMenu.xaml.cs(1855,9): warning CS8602: Desreferencia de una referencia posiblemente NULL. [D:\code\radimenu\RadiMenu_et05s5uz_wpftmp.csproj]
D:\code\radimenu\Services\ProcessMonitorService.cs(27,18): warning CS0169: El campo 'ProcessMonitorService._isDisposed' nunca se usa [D:\code\radimenu\RadiMenu_et05s5uz_wpftmp.csproj]
D:\code\radimenu\Controls\RadialMenu.xaml.cs(1798,92): error CS0104: 'Brushes' es una referencia ambigua entre 'System.Drawing.Brushes' y 'System.Windows.Media.Brushes' [D:\code\radimenu\RadiMenu_et05s5uz_wpftmp.csproj]
D:\code\radimenu\Controls\RadialMenu.xaml.cs(1799,26): error CS0104: 'Brushes' es una referencia ambigua entre 'System.Drawing.Brushes' y 'System.Windows.Media.Brushes' [D:\code\radimenu\RadiMenu_et05s5uz_wpftmp.csproj]
D:\code\radimenu\Controls\RadialMenu.xaml.cs(1820,14): error CS0103: El nombre 'DrawSubmenuRing' no existe en el contexto actual [D:\code\radimenu\RadiMenu_et05s5uz_wpftmp.csproj]
D:\code\radimenu\Controls\RadialMenu.xaml.cs(1844,22): error CS0103: El nombre 'DrawSubmenuRing' no existe en el contexto actual [D:\code\radimenu\RadiMenu_et05s5uz_wpftmp.csproj]
D:\code\radimenu\Controls\RadialMenu.xaml.cs(1878,72): error CS0103: El nombre 'DrawSubmenuRing' no existe en el contexto actual [D:\code\radimenu\RadiMenu_et05s5uz_wpftmp.csproj]
D:\code\radimenu\Controls\RadialMenu.xaml.cs(1917,30): error CS0104: 'FontFamily' es una referencia ambigua entre 'System.Drawing.FontFamily' y 'System.Windows.Media.FontFamily' [D:\code\radimenu\RadiMenu_et05s5uz_wpftmp.csproj]
D:\code\radimenu\Controls\RadialMenu.xaml.cs(1920,35): error CS0176: No se puede obtener acceso al miembro 'HorizontalAlignment.Center' con una referencia de instancia; calif├¡quelo con un nombre de tipo en su lugar [D:\code\radimenu\RadiMenu_et05s5uz_wpftmp.csproj]
    9 Advertencia(s)
    7 Errores

Tiempo transcurrido 00:00:01.18
