D:\code\radimenu\Views\OnlineIconsView.xaml.cs(89,50): error CS0104: 'Color' es una referencia ambigua entre 'System.Drawing.Color' y 'System.Windows.Media.Color' [D:\code\radimenu\RadiMenu_wg2xfx4g_wpftmp.csproj]
D:\code\radimenu\Views\OnlineIconsView.xaml.cs(91,26): error CS0104: 'Cursors' es una referencia ambigua entre 'System.Windows.Forms.Cursors' y 'System.Windows.Input.Cursors' [D:\code\radimenu\RadiMenu_wg2xfx4g_wpftmp.csproj]
D:\code\radimenu\Views\OnlineIconsView.xaml.cs(100,30): error CS0104: 'Brushes' es una referencia ambigua entre 'System.Drawing.Brushes' y 'System.Windows.Media.Brushes' [D:\code\radimenu\RadiMenu_wg2xfx4g_wpftmp.csproj]
D:\code\radimenu\Views\OnlineIconsView.xaml.cs(102,39): error CS0176: No se puede obtener acceso al miembro 'HorizontalAlignment.Center' con una referencia de instancia; calif├¡quelo con un nombre de tipo en su lugar [D:\code\radimenu\RadiMenu_wg2xfx4g_wpftmp.csproj]
D:\code\radimenu\Views\OnlineIconsView.xaml.cs(125,36): error CS0104: 'Brushes' es una referencia ambigua entre 'System.Drawing.Brushes' y 'System.Windows.Media.Brushes' [D:\code\radimenu\RadiMenu_wg2xfx4g_wpftmp.csproj]
D:\code\radimenu\Views\OnlineIconsView.xaml.cs(130,51): error CS0176: No se puede obtener acceso al miembro 'HorizontalAlignment.Center' con una referencia de instancia; calif├¡quelo con un nombre de tipo en su lugar [D:\code\radimenu\RadiMenu_wg2xfx4g_wpftmp.csproj]

ERROR al compilar.
    13 Advertencia(s)
    6 Errores

Tiempo transcurrido 00:00:01.41
